[exequiel09.github.io/symposium-presentation/index.html]
[backblue.gif]
[fade.gif]
[index.html]
[exequiel09.github.io/symposium-presentation/resources/img/favicon.ico]
[exequiel09.github.io/symposium-presentation/resources/css/style.css]
[exequiel09.github.io/symposium-presentation/resources/img/opensourcequestion.png]
[exequiel09.github.io/symposium-presentation/resources/img/projects/php.png]
[exequiel09.github.io/symposium-presentation/resources/img/projects/mysql.jpg]
[exequiel09.github.io/symposium-presentation/resources/img/projects/apache.png]
[exequiel09.github.io/symposium-presentation/resources/img/projects/ubuntu.png]
[exequiel09.github.io/symposium-presentation/resources/img/projects/python.png]
[exequiel09.github.io/symposium-presentation/resources/img/projects/ruby.png]
[exequiel09.github.io/symposium-presentation/resources/img/projects/android.png]
[exequiel09.github.io/symposium-presentation/resources/img/projects/filezilla.png]
[exequiel09.github.io/symposium-presentation/resources/img/projects/perl.png]
[exequiel09.github.io/symposium-presentation/resources/img/php-documentation.png]
[exequiel09.github.io/symposium-presentation/resources/img/projects/postgresql.png]
[exequiel09.github.io/symposium-presentation/resources/img/projects/linux.jpg]
[exequiel09.github.io/symposium-presentation/resources/img/php-documentation-new.png]
[exequiel09.github.io/symposium-presentation/resources/img/social/google.png]
[exequiel09.github.io/symposium-presentation/resources/img/social/facebook.png]
[exequiel09.github.io/symposium-presentation/resources/img/social/twitter.png]
[exequiel09.github.io/symposium-presentation/index.html]
[exequiel09.github.io/symposium-presentation/resources/js/impress.min.js]
[exequiel09.github.io/symposium-presentation/resources/img/open-source-logo.png]
[exequiel09.github.io/symposium-presentation/resources/img/html5-badge-h-css3-graphics-semantics.png]
[exequiel09.github.io/symposium-presentation/resources/css/style.css]
[exequiel09.github.io/symposium-presentation/resources/fonts/ExpletusSans-Regular.ttf]
[exequiel09.github.io/symposium-presentation/resources/fonts/DroidSans.ttf]
